#-----------------------------------------------------------
# Vivado v2016.4 (64-bit)
# SW Build 1756540 on Mon Jan 23 19:11:23 MST 2017
# IP Build 1755317 on Mon Jan 23 20:30:07 MST 2017
# Start of session at: Thu May 18 11:04:50 2017
# Process ID: 5372
# Current directory: C:/Users/Student/Downloads/OneDrive-2017-05-03/mipsGYT
# Command line: vivado.exe -gui_launcher_event rodinguilauncherevent5448 C:\Users\Student\Downloads\OneDrive-2017-05-03\mipsGYT\test_env.xpr
# Log file: C:/Users/Student/Downloads/OneDrive-2017-05-03/mipsGYT/vivado.log
# Journal file: C:/Users/Student/Downloads/OneDrive-2017-05-03/mipsGYT\vivado.jou
#-----------------------------------------------------------
start_gui
open_project C:/Users/Student/Downloads/OneDrive-2017-05-03/mipsGYT/test_env.xpr
update_compile_order -fileset sources_1
update_compile_order -fileset sim_1
synth_design -rtl -name rtl_1
show_objects -name D1 [get_cells -hierarchical -filter { PRIMITIVE_TYPE =~ RTL_MEMORY.*.* } ]
reset_run synth_1
launch_runs synth_1 -jobs 2
wait_on_run synth_1
reset_run synth_1
launch_runs impl_1 -to_step write_bitstream -jobs 2
wait_on_run impl_1
open_hw
disconnect_hw_server localhost:3121
connect_hw_server -url localhost:3121
current_hw_target [get_hw_targets */xilinx_tcf/Digilent/210183739690A]
set_property PARAM.FREQUENCY 15000000 [get_hw_targets */xilinx_tcf/Digilent/210183739690A]
open_hw_target
set_property PROGRAM.FILE {C:/Users/Student/Downloads/OneDrive-2017-05-03/mipsGYT/test_env.runs/impl_1/test_env.bit} [lindex [get_hw_devices xc7a35t_0] 0]
current_hw_device [lindex [get_hw_devices xc7a35t_0] 0]
refresh_hw_device -update_hw_probes false [lindex [get_hw_devices xc7a35t_0] 0]
set_property PROBES.FILE {} [lindex [get_hw_devices xc7a35t_0] 0]
set_property PROGRAM.FILE {C:/Users/Student/Downloads/OneDrive-2017-05-03/mipsGYT/test_env.runs/impl_1/test_env.bit} [lindex [get_hw_devices xc7a35t_0] 0]
program_hw_devices [lindex [get_hw_devices xc7a35t_0] 0]
refresh_hw_device [lindex [get_hw_devices xc7a35t_0] 0]
